src/components/home/Footer.tsx(22,31): error TS2339: Property 'socials' does not exist on type '{ brandName: string; tagline: string; explore: { title: string; links: { label: string; href: string; }[]; }; support: { title: string; links: { label: string; href: string; }[]; }; contact: { title: string; address: string; phone: string; email: string; }; copyright: string; designedBy: string; }'.
src/components/home/Footer.tsx(25,31): error TS2339: Property 'socials' does not exist on type '{ brandName: string; tagline: string; explore: { title: string; links: { label: string; href: string; }[]; }; support: { title: string; links: { label: string; href: string; }[]; }; contact: { title: string; address: string; phone: string; email: string; }; copyright: string; designedBy: string; }'.
src/components/home/Footer.tsx(28,31): error TS2339: Property 'socials' does not exist on type '{ brandName: string; tagline: string; explore: { title: string; links: { label: string; href: string; }[]; }; support: { title: string; links: { label: string; href: string; }[]; }; contact: { title: string; address: string; phone: string; email: string; }; copyright: string; designedBy: string; }'.
